<html>
<body>
<pre>
<h1>礦ision Build Log</h1>
<h2>Tool Versions:</h2>
IDE-Version: μVision V5.15
Copyright (C) 2015 ARM Ltd and ARM Germany GmbH. All rights reserved.
License Information: hujinhao hujinhao, Microsoft, LIC=BL2X7-EHFWP-VHI87-ES4TX-KRD79-71XGM
 
Tool Versions:
Toolchain:       MDK-ARM Professional  Version: 5.15.0
Toolchain Path:  F:\soft\keil\mdk\ARM\ARMCC\Bin
C Compiler:      Armcc.exe V5.05 update 2 (build 169)
Assembler:       Armasm.exe V5.05 update 2 (build 169)
Linker/Locator:  ArmLink.exe V5.05 update 2 (build 169)
Library Manager: ArmAr.exe V5.05 update 2 (build 169)
Hex Converter:   FromElf.exe V5.05 update 2 (build 169)
CPU DLL:         SARMCM3.DLL V5.15.0
Dialog DLL:      DCM.DLL V1.13.2.0
Target DLL:      Segger\JL2CM3.dll V2.99.15.0
Dialog DLL:      TCM.DLL V1.14.5.0
 
<h2>Project:</h2>
E:\mydata\project\csdn\stm32f4摄像头数据转bmp上传onenet\stm32f407_iot\MDK\stm32f407_ex.uvprojx
Project File Date:  03/12/2018

<h2>Output:</h2>
*** Using Compiler 'V5.05 update 2 (build 169)', folder: 'F:\soft\keil\mdk\ARM\ARMCC\Bin'
Build target 'stm32f4_project'
compiling main.c...
compiling net_device.c...
compiling fault.c...
compiling onenet.c...
linking...
Program Size: Code=23496 RO-data=1056 RW-data=228 ZI-data=130140  
FromELF: creating hex file...
".\Objects\stm32f407_ex.axf" - 0 Error(s), 0 Warning(s).

<h2>Collection of Component include folders:</h2>
  E:\mydata\project\csdn\stm32f4摄像头数据转bmp上传onenet\stm32f407_iot\MDK\RTE
  F:\soft\keil\mdk\ARM\PACK\Keil\STM32F4xx_DFP\2.11.0\Drivers\CMSIS\Device\ST\STM32F4xx\Include

<h2>Collection of Component Files used:</h2>
</pre>
</body>
</html>
